// Jest Snapshot v1, https://goo.gl/fbAQLP

exports[`should render the DashboardPage 1`] = `
<div>
  <p>
    Dashboard page content.
  </p>
</div>
`;
